1: D: started
2: D: next cart
3: V 1: started
4: V 1: boarding started
5: N 1: started
6: V 2: started
7: N 6: started
8: N 3: started
9: N 9: started
10: N 5: started
11: N 1: queue
12: N 1: boarding
13: N 7: started
14: N 8: started
15: N 6: queue
16: N 6: boarding
17: N 3: queue
18: N 3: boarding
19: N 9: queue
20: N 9: boarding
21: N 2: started
22: N 7: queue
23: N 8: queue
24: N 4: started
25: N 10: started
26: N 5: queue
27: V 1: boarding complete
28: N 2: queue
29: N 4: queue
30: N 10: queue
31: D: next cart
32: V 2: boarding started
33: N 7: boarding
34: N 8: boarding
35: N 5: boarding
36: V 1: leaving started
37: N 2: boarding
38: N 1: leaving
39: N 6: leaving
40: N 9: leaving
41: N 3: leaving
42: V 2: boarding complete
43: V 1: leaving complete
44: D: next cart
45: V 1: boarding started
46: N 4: boarding
47: N 10: boarding
48: V 1: boarding complete
49: V 2: leaving started
50: N 7: leaving
51: N 8: leaving
52: N 5: leaving
53: N 2: leaving
54: V 2: leaving complete
55: D: closing
56: V 1: leaving started
57: V 2: closed
58: N 4: leaving
59: N 10: leaving
60: V 1: leaving complete
61: V 1: closed
